--------------------------------------------------------------------------------------
Timing Analyzer Summary
--------------------------------------------------------------------------------------

Type           : Worst-case tsu
Slack          : N/A
Required Time  : None
Actual Time    : 1.558 ns
From           : HREF
To             : InputLayer:ILE|TimingManager:timemanager|foo[1]
From Clock     : --
To Clock       : pclk
Failed Paths   : 0

Type           : Worst-case tco
Slack          : N/A
Required Time  : None
Actual Time    : 15.817 ns
From           : InputLayer:ILE|TimingManager:timemanager|line[0]
To             : TEST2
From Clock     : VSYNC
To Clock       : --
Failed Paths   : 0

Type           : Worst-case tpd
Slack          : N/A
Required Time  : None
Actual Time    : 9.934 ns
From           : Serck
To             : Serot
From Clock     : --
To Clock       : --
Failed Paths   : 0

Type           : Worst-case th
Slack          : N/A
Required Time  : None
Actual Time    : 2.783 ns
From           : HREF
To             : InputLayer:ILE|TimingManager:timemanager|Sig_En
From Clock     : --
To Clock       : pclk
Failed Paths   : 0

Type           : Clock Setup: 'pclk'
Slack          : N/A
Required Time  : None
Actual Time    : 136.02 MHz ( period = 7.352 ns )
From           : InputLayer:ILE|TimingManager:timemanager|foo[0]
To             : InputLayer:ILE|TimingManager:timemanager|foo[1]
From Clock     : pclk
To Clock       : pclk
Failed Paths   : 0

Type           : Clock Setup: 'Serck'
Slack          : N/A
Required Time  : None
Actual Time    : 170.82 MHz ( period = 5.854 ns )
From           : transmittr:transmitter|ShftCount[0]
To             : transmittr:transmitter|Datareg[0]
From Clock     : Serck
To Clock       : Serck
Failed Paths   : 0

Type           : Clock Setup: 'clk'
Slack          : N/A
Required Time  : None
Actual Time    : Restricted to 304.04 MHz ( period = 3.289 ns )
From           : clkdivider:clkdivider0|t_count[0]
To             : clkdivider:clkdivider0|t_count[0]
From Clock     : clk
To Clock       : clk
Failed Paths   : 0

Type           : Total number of failed paths
Slack          : 
Required Time  : 
Actual Time    : 
From           : 
To             : 
From Clock     : 
To Clock       : 
Failed Paths   : 0

--------------------------------------------------------------------------------------

